// Jest Snapshot v1, https://goo.gl/fbAQLP

exports[`Application root snapshot renders 1`] = `null`;
