// Jest Snapshot v1, https://goo.gl/fbAQLP

exports[`<NavigationItem/> NavigationItem renders correctly 1`] = `
<li>
  <a
    href="/"
  >
    <img
      alt="MagnifierSign"
      src="test-file-stub"
    />
  </a>
</li>
`;
